// Jest Snapshot v1, https://goo.gl/fbAQLP

exports[`GoodIp full snapshot rendering 1`] = `
<GoodIp>
  <div
    className="features-icons-item mx-auto mb-5 mb-lg-0 mb-lg-3"
  >
    <h4 />
    <div
      className="features-icons-icon d-flex"
    >
      <i
        className="fa fa-check-circle-o m-auto"
        style={
          Object {
            "color": "#06B400",
          }
        }
      />
    </div>
    <h5
      style={
        Object {
          "color": "#06B400",
        }
      }
    >
      Not Found!
    </h5>
    <p
      className="mb-0"
    >
      The IP was not found in the database of blacklists!
    </p>
  </div>
</GoodIp>
`;
