// Jest Snapshot v1, https://goo.gl/fbAQLP

exports[`App full snapshot rendering 1`] = `
<App>
  <div>
    <Container>
      <div>
        <SearchInput
          onSubmission={[Function]}
        >
          <header
            className="masthead text-white text-center"
          >
            <div
              className="overlay"
            />
            <div
              className="container"
            >
              <div
                className="row"
              >
                <div
                  className="col-xl-9 mx-auto"
                >
                  <h2
                    className="mb-5"
                  >
                    Verify if an IP Address is 
                    <span
                      style={
                        Object {
                          "color": "black",
                        }
                      }
                    >
                      blacklisted
                    </span>
                  </h2>
                </div>
                <div
                  className="col-md-10 col-lg-8 col-xl-7 mx-auto"
                >
                  <form
                    onSubmit={[Function]}
                  >
                    <div
                      className="form-row"
                    >
                      <div
                        className="col-12 col-md-9 mb-2 mb-md-0"
                      >
                        <input
                          className="form-control form-control-lg"
                          onChange={[Function]}
                          pattern="\\\\b((25[0-5]|2[0-4][0-9]|[01]?[0-9][0-9]?)(\\\\.|$)){4}\\\\b"
                          placeholder="Enter IP Address to verify..."
                          title="1.2.3.4"
                          type="text"
                          value=""
                        />
                      </div>
                      <div
                        className="col-12 col-md-3"
                      >
                        <button
                          className="btn btn-block btn-lg btn-primary"
                          type="submit"
                        >
                          Search
                        </button>
                      </div>
                    </div>
                  </form>
                </div>
              </div>
            </div>
          </header>
        </SearchInput>
        <div
          style={
            Object {
              "background": "grey",
              "height": "30vh",
              "width": "100%",
            }
          }
        >
          <Wrapper
            center={
              Object {
                "lat": null,
                "lng": null,
              }
            }
            zoom={10}
          >
            <DefaultLoadingContainer>
              <div>
                Loading...
              </div>
            </DefaultLoadingContainer>
          </Wrapper>
        </div>
        <DataWrapper
          address=""
          asCountry=""
          asName=""
          asNumber=""
          city=""
          continenet=""
          country=""
          found={false}
          hostname=""
          latitude={null}
          longitude={null}
          postal=""
          region=""
          timeZone=""
        >
          <section
            className="features-icons bg-light text-center"
          >
            <div
              className="container"
            >
              <div
                className="row"
              >
                <GoodIp
                  address=""
                >
                  <div
                    className="features-icons-item mx-auto mb-5 mb-lg-0 mb-lg-3"
                  >
                    <h4 />
                    <div
                      className="features-icons-icon d-flex"
                    >
                      <i
                        className="fa fa-check-circle-o m-auto"
                        style={
                          Object {
                            "color": "#06B400",
                          }
                        }
                      />
                    </div>
                    <h5
                      style={
                        Object {
                          "color": "#06B400",
                        }
                      }
                    >
                      Not Found!
                    </h5>
                    <p
                      className="mb-0"
                    >
                      The IP was not found in the database of blacklists!
                    </p>
                  </div>
                </GoodIp>
              </div>
              <h4>
                Geolocation Data
              </h4>
              <div
                className="row"
              >
                <div
                  className="col-lg-3"
                >
                  <Data
                    data=""
                    header="Hostname"
                    icon="icon-list"
                  >
                    <div
                      className="features-icons-item mx-auto mb-5 mb-lg-0 mb-lg-3"
                    >
                      <div
                        className="features-icons-icon d-flex"
                      >
                        <i
                          className="icon-list m-auto text-primary"
                        />
                      </div>
                      <h5>
                        Hostname
                      </h5>
                      <p
                        className="mb-0"
                      />
                    </div>
                  </Data>
                </div>
                <div
                  className="col-lg-3"
                >
                  <Data
                    header="Continent"
                    icon="fa fa-globe"
                  >
                    <div
                      className="features-icons-item mx-auto mb-5 mb-lg-0 mb-lg-3"
                    >
                      <div
                        className="features-icons-icon d-flex"
                      >
                        <i
                          className="fa fa-globe m-auto text-primary"
                        />
                      </div>
                      <h5>
                        Continent
                      </h5>
                      <p
                        className="mb-0"
                      />
                    </div>
                  </Data>
                </div>
                <div
                  className="col-lg-3"
                >
                  <Data
                    data=""
                    header="Country"
                    icon="icon-globe-alt"
                  >
                    <div
                      className="features-icons-item mx-auto mb-5 mb-lg-0 mb-lg-3"
                    >
                      <div
                        className="features-icons-icon d-flex"
                      >
                        <i
                          className="icon-globe-alt m-auto text-primary"
                        />
                      </div>
                      <h5>
                        Country
                      </h5>
                      <p
                        className="mb-0"
                      />
                    </div>
                  </Data>
                </div>
                <div
                  className="col-lg-3"
                >
                  <Data
                    data=""
                    header="Region"
                    icon="icon-direction"
                  >
                    <div
                      className="features-icons-item mx-auto mb-5 mb-lg-0 mb-lg-3"
                    >
                      <div
                        className="features-icons-icon d-flex"
                      >
                        <i
                          className="icon-direction m-auto text-primary"
                        />
                      </div>
                      <h5>
                        Region
                      </h5>
                      <p
                        className="mb-0"
                      />
                    </div>
                  </Data>
                </div>
              </div>
              <div
                className="row"
              >
                <div
                  className="col-lg-3"
                >
                  <Data
                    data=""
                    header="City"
                    icon="fa fa-building-o"
                  >
                    <div
                      className="features-icons-item mx-auto mb-5 mb-lg-0 mb-lg-3"
                    >
                      <div
                        className="features-icons-icon d-flex"
                      >
                        <i
                          className="fa fa-building-o m-auto text-primary"
                        />
                      </div>
                      <h5>
                        City
                      </h5>
                      <p
                        className="mb-0"
                      />
                    </div>
                  </Data>
                </div>
                <div
                  className="col-lg-3"
                >
                  <Data
                    data=""
                    header="Postal Code"
                    icon="icon-envelope"
                  >
                    <div
                      className="features-icons-item mx-auto mb-5 mb-lg-0 mb-lg-3"
                    >
                      <div
                        className="features-icons-icon d-flex"
                      >
                        <i
                          className="icon-envelope m-auto text-primary"
                        />
                      </div>
                      <h5>
                        Postal Code
                      </h5>
                      <p
                        className="mb-0"
                      />
                    </div>
                  </Data>
                </div>
                <div
                  className="col-lg-3"
                >
                  <Data
                    data="null, null"
                    header="Latitude, Longitude"
                    icon="icon-map"
                  >
                    <div
                      className="features-icons-item mx-auto mb-5 mb-lg-0 mb-lg-3"
                    >
                      <div
                        className="features-icons-icon d-flex"
                      >
                        <i
                          className="icon-map m-auto text-primary"
                        />
                      </div>
                      <h5>
                        Latitude, Longitude
                      </h5>
                      <p
                        className="mb-0"
                      >
                        null, null
                      </p>
                    </div>
                  </Data>
                </div>
                <div
                  className="col-lg-3"
                >
                  <Data
                    data=""
                    header="Time Zone"
                    icon="icon-clock"
                  >
                    <div
                      className="features-icons-item mx-auto mb-5 mb-lg-0 mb-lg-3"
                    >
                      <div
                        className="features-icons-icon d-flex"
                      >
                        <i
                          className="icon-clock m-auto text-primary"
                        />
                      </div>
                      <h5>
                        Time Zone
                      </h5>
                      <p
                        className="mb-0"
                      />
                    </div>
                  </Data>
                </div>
              </div>
              <h4>
                Autonomous System Information
              </h4>
              <div
                className="row"
              >
                <div
                  className="col-lg-4"
                >
                  <Data
                    data=""
                    header="Number"
                    icon="icon-credit-card"
                  >
                    <div
                      className="features-icons-item mx-auto mb-5 mb-lg-0 mb-lg-3"
                    >
                      <div
                        className="features-icons-icon d-flex"
                      >
                        <i
                          className="icon-credit-card m-auto text-primary"
                        />
                      </div>
                      <h5>
                        Number
                      </h5>
                      <p
                        className="mb-0"
                      />
                    </div>
                  </Data>
                </div>
                <div
                  className="col-lg-4"
                >
                  <Data
                    data=""
                    header="Name"
                    icon="icon-screen-desktop"
                  >
                    <div
                      className="features-icons-item mx-auto mb-5 mb-lg-0 mb-lg-3"
                    >
                      <div
                        className="features-icons-icon d-flex"
                      >
                        <i
                          className="icon-screen-desktop m-auto text-primary"
                        />
                      </div>
                      <h5>
                        Name
                      </h5>
                      <p
                        className="mb-0"
                      />
                    </div>
                  </Data>
                </div>
                <div
                  className="col-lg-4"
                >
                  <Data
                    data=""
                    header="Country"
                    icon="icon-globe-alt"
                  >
                    <div
                      className="features-icons-item mx-auto mb-5 mb-lg-0 mb-lg-3"
                    >
                      <div
                        className="features-icons-icon d-flex"
                      >
                        <i
                          className="icon-globe-alt m-auto text-primary"
                        />
                      </div>
                      <h5>
                        Country
                      </h5>
                      <p
                        className="mb-0"
                      />
                    </div>
                  </Data>
                </div>
              </div>
            </div>
          </section>
        </DataWrapper>
      </div>
    </Container>
  </div>
</App>
`;
